// Jest Snapshot v1, https://goo.gl/fbAQLP

exports[`/Text renders snapshot 1`] = `
<span
  className="genralSpan"
  style={
    Object {
      "color": "#ffffff",
    }
  }
/>
`;
